
Efinity Interface Designer Timing Report
Version: 2025.2.288.3.8
Date: 2026-03-22 22:04

Copyright (C) 2013 - 2025 Efinix Inc. All rights reserved.

Device: T20F256
Project: DSO_project
Timing Model: C4 (final)

---------- 1. PLL Timing Report (begin) ----------

+--------------+----------+-----------------+--------------------------+----------+-------------------+---------------------------------+---------------------------------+
| PLL Instance | Resource | Reference Clock | Core Clock Reference Pin | FB Mode  | Core Feedback Pin | PLL Compensation Delay Max (ns) | PLL Compensation Delay Min (ns) |
+--------------+----------+-----------------+--------------------------+----------+-------------------+---------------------------------+---------------------------------+
|  pll_inst1   | PLL_TL0  |       core      |   clk_50m~CLKOUT~3~242   | internal |                   |               N/A               |               N/A               |
+--------------+----------+-----------------+--------------------------+----------+-------------------+---------------------------------+---------------------------------+

+---------+-------------+-----------------------+
|  Clock  | Period (ns) | Phase Shift (degrees) |
+---------+-------------+-----------------------+
| clk_25m |    40.000   |           0           |
+---------+-------------+-----------------------+

---------- PLL Timing Report (end) ----------

---------- 2. GPIO Timing Report (begin) ----------

Non-registered GPIO Configuration:
===================================

+---------------+-------------+-----------+----------+----------+
| Instance Name |   Pin Name  | Parameter | Max (ns) | Min (ns) |
+---------------+-------------+-----------+----------+----------+
|    clk_50m    |   clk_50m   |  GPIO_IN  |  1.396   |  0.698   |
|   key_back_n  |  key_back_n |  GPIO_IN  |  1.396   |  0.698   |
|   key_down_n  |  key_down_n |  GPIO_IN  |  1.396   |  0.698   |
|  key_enter_n  | key_enter_n |  GPIO_IN  |  1.396   |  0.698   |
|    key_up_n   |   key_up_n  |  GPIO_IN  |  1.396   |  0.698   |
|   sys_rst_n   |  sys_rst_n  |  GPIO_IN  |  1.796   |  0.898   |
+---------------+-------------+-----------+----------+----------+

Registered GPIO Configuration:
===============================

+---------------+-----------+----------------+----------------+---------------+---------------+-----------------------+-----------------------+
| Instance Name | Clock Pin | Max Setup (ns) | Min Setup (ns) | Max Hold (ns) | Min Hold (ns) | Max Clock To Out (ns) | Min Clock To Out (ns) |
+---------------+-----------+----------------+----------------+---------------+---------------+-----------------------+-----------------------+
|    vga_b[0]   |  clk_25m  |                |                |               |               |         4.335         |         2.168         |
|    vga_b[1]   |  clk_25m  |                |                |               |               |         4.335         |         2.168         |
|    vga_b[2]   |  clk_25m  |                |                |               |               |         4.335         |         2.168         |
|    vga_b[3]   |  clk_25m  |                |                |               |               |         4.335         |         2.168         |
|    vga_b[4]   |  clk_25m  |                |                |               |               |         4.335         |         2.168         |
|    vga_g[0]   |  clk_25m  |                |                |               |               |         4.335         |         2.168         |
|    vga_g[1]   |  clk_25m  |                |                |               |               |         4.335         |         2.168         |
|    vga_g[2]   |  clk_25m  |                |                |               |               |         4.335         |         2.168         |
|    vga_g[3]   |  clk_25m  |                |                |               |               |         4.335         |         2.168         |
|    vga_g[4]   |  clk_25m  |                |                |               |               |         4.335         |         2.168         |
|    vga_g[5]   |  clk_25m  |                |                |               |               |         4.335         |         2.168         |
|     vga_hs    |  clk_25m  |                |                |               |               |         4.335         |         2.168         |
|    vga_r[0]   |  clk_25m  |                |                |               |               |         4.335         |         2.168         |
|    vga_r[1]   |  clk_25m  |                |                |               |               |         4.335         |         2.168         |
|    vga_r[2]   |  clk_25m  |                |                |               |               |         4.335         |         2.168         |
|    vga_r[3]   |  clk_25m  |                |                |               |               |         4.335         |         2.168         |
|    vga_r[4]   |  clk_25m  |                |                |               |               |         4.335         |         2.168         |
|     vga_vs    |  clk_25m  |                |                |               |               |         4.335         |         2.168         |
+---------------+-----------+----------------+----------------+---------------+---------------+-----------------------+-----------------------+

---------- GPIO Timing Report (end) ----------

---------- 3. LVDS Tx Timing Report (begin) ----------

Non-registered LVDS GPIO Configuration:
========================================

+---------------+----------+-----------+----------+----------+
| Instance Name | Pin Name | Parameter | Max (ns) | Min (ns) |
+---------------+----------+-----------+----------+----------+
|     led_0     |  led_0   |  GPIO_OUT |  2.328   |  1.164   |
+---------------+----------+-----------+----------+----------+

---------- LVDS Tx Timing Report (end) ----------

---------- 4. Clock Network Delay Report (begin) ----------

+-----------+----------+----------+
| Clock Pin | Max (ns) | Min (ns) |
+-----------+----------+----------+
|  clk_25m  |  4.110   |  2.055   |
|  clk_50m  |  4.110   |  2.055   |
+-----------+----------+----------+

---------- Clock Network Delay Report (end) ----------
